Running Gradle task 'assembleRelease'...                        
Font asset "CupertinoIcons.ttf" was tree-shaken, reducing it from 257628 to 848 bytes (99.7% reduction). Tree-shaking can be disabled by providing the --no-tree-shake-icons flag when building your app.
Font asset "MaterialIcons-Regular.otf" was tree-shaken, reducing it from 1645184 to 7404 bytes (99.5% reduction). Tree-shaking can be disabled by providing the --no-tree-shake-icons flag when building your app.
flutter : ERROR: Missing 
classes detected while 
running R8. Please add 
the missing classes or 
apply additional keep 
rules that are generated 
in C:\Users\huzai\Download
s\FuelUp\build\app\outputs
\mapping\release\missing_r
ules.txt.
At line:1 char:40
+ ... rs\huzai\Downloads\F
uelUp" ; flutter build 
apk --release 2>&1 | 
Tee-O ...
+                         
         ~~~~~~~~~~~~~~~~~
~~~~~~~~~~~~~~~
    + CategoryInfo        
      : NotSpecified: (E  
  RROR: Missing ...sing   
 _rules.txt.:String) [    
], RemoteException
    + FullyQualifiedError 
   Id : NativeCommandErr  
  or
 
ERROR: R8: Missing class c
om.google.android.play.cor
e.splitcompat.SplitCompatA
pplication (referenced 
from: void io.flutter.embe
dding.android.FlutterPlayS
toreSplitApplication.<init
>() and 2 other contexts)
Missing class com.google.a
ndroid.play.core.splitinst
all.SplitInstallException 
(referenced from: void io.
flutter.embedding.engine.d
eferredcomponents.PlayStor
eDeferredComponentManager.
lambda$installDeferredComp
onent$1(int, 
java.lang.String, 
java.lang.Exception))
Missing class com.google.a
ndroid.play.core.splitinst
all.SplitInstallManager 
(referenced from: com.goog
le.android.play.core.split
install.SplitInstallManage
r io.flutter.embedding.eng
ine.deferredcomponents.Pla
yStoreDeferredComponentMan
ager.splitInstallManager 
and 5 other contexts)
Missing class com.google.a
ndroid.play.core.splitinst
all.SplitInstallManagerFac
tory (referenced from: 
void io.flutter.embedding.
engine.deferredcomponents.
PlayStoreDeferredComponent
Manager.<init>(android.con
tent.Context, io.flutter.e
mbedding.engine.FlutterJNI
))
Missing class com.google.a
ndroid.play.core.splitinst
all.SplitInstallRequest$Bu
ilder (referenced from: 
void io.flutter.embedding.
engine.deferredcomponents.
PlayStoreDeferredComponent
Manager.installDeferredCom
ponent(int, 
java.lang.String))
Missing class com.google.a
ndroid.play.core.splitinst
all.SplitInstallRequest 
(referenced from: void io.
flutter.embedding.engine.d
eferredcomponents.PlayStor
eDeferredComponentManager.
installDeferredComponent(i
nt, java.lang.String))
Missing class com.google.a
ndroid.play.core.splitinst
all.SplitInstallSessionSta
te (referenced from: void 
io.flutter.embedding.engin
e.deferredcomponents.PlayS
toreDeferredComponentManag
er$FeatureInstallStateUpda
tedListener.onStateUpdate(
com.google.android.play.co
re.splitinstall.SplitInsta
llSessionState) and 1 
other context)
Missing class com.google.a
ndroid.play.core.splitinst
all.SplitInstallStateUpdat
edListener (referenced 
from: void io.flutter.embe
dding.engine.deferredcompo
nents.PlayStoreDeferredCom
ponentManager.<init>(andro
id.content.Context, io.flu
tter.embedding.engine.Flut
terJNI) and 2 other 
contexts)
Missing class com.google.a
ndroid.play.core.tasks.OnF
ailureListener 
(referenced from: void io.
flutter.embedding.engine.d
eferredcomponents.PlayStor
eDeferredComponentManager.
installDeferredComponent(i
nt, java.lang.String))
Missing class com.google.a
ndroid.play.core.tasks.OnS
uccessListener 
(referenced from: void io.
flutter.embedding.engine.d
eferredcomponents.PlayStor
eDeferredComponentManager.
installDeferredComponent(i
nt, java.lang.String))
Missing class com.google.a
ndroid.play.core.tasks.Tas
k (referenced from: void i
o.flutter.embedding.engine
.deferredcomponents.PlaySt
oreDeferredComponentManage
r.installDeferredComponent
(int, java.lang.String) 
and 1 other context)

FAILURE: Build failed 
with an exception.

* What went wrong:
Execution failed for task 
':app:minifyReleaseWithR8'
.
> A failure occurred 
while executing com.androi
d.build.gradle.internal.ta
sks.R8Task$R8Runnable
   > Compilation failed 
to complete

* Try:
> Run with --stacktrace 
option to get the stack 
trace.
> Run with --info or 
--debug option to get 
more log output.
> Run with --scan to get 
full insights.
> Get more help at 
https://help.gradle.org.

BUILD FAILED in 18s
Running Gradle task 'assembleRelease'...                           19.5s
Gradle task 
assembleRelease failed 
with exit code 1
